2025-08-17T08:36:40Z info: Pushing hosting layer...
2025-08-17T08:36:40Z info: Pushing Repl layer...
2025-08-17T08:36:40Z info: Retrieved cached nix layer
2025-08-17T08:36:41Z info: Created hosting layer
2025-08-17T08:36:41Z info: Created pid1 binary layer
2025-08-17T08:38:24Z info: Created Repl layer
2025-08-17T08:38:24Z info: Pushed image manifest
2025-08-17T08:38:25Z info: Pushed soci index manifest
2025-08-17T08:38:28Z info: Creating Autoscale service
> NODE_ENV=production node dist/index.js
> rest-express@1.0.0 start
starting up user application
[DB] Environment detected via NODE_ENV=production → PRODUCTION
[DB] Connecting to host: ep-muddy-moon-aeggx6le-pooler.c-2.us-east-2.aws.neon.tech
[BOOT] DB: ep-lucky-credit-afcslqgy.c-2.us-west-2.aws.neon.tech
    at async file:///home/runner/workspace/dist/index.js:11201:5 {
  severity: '',
command finished with error [npm run start]: exit status 1
> NODE_ENV=production node dist/index.js
[DB] Environment detected via NODE_ENV=production → PRODUCTION
[DB] ✅ Database connected successfully
[INFO] [MAIN] Starting Clean & Flip API Server 
  file: undefined,
    at async migrate (file:///home/runner/workspace/node_modules/drizzle-orm/neon-http/migrator.js:14:3)
> rest-express@1.0.0 start
> NODE_ENV=production node dist/index.js
[INFO] [MAIN] Starting Clean & Flip API Server 
[DB] Environment detected via NODE_ENV=production → PRODUCTION
[DB] Using unified database configuration...
[MIGRATIONS] Applying…
[DB] PostgreSQL Version: PostgreSQL 17.5 on aarch64-unknown-linux-gnu
[DB] Environment detected via NODE_ENV=production → PRODUCTION
[DB] ✅ Using PRODUCTION database (muddy-moon)
[BOOT] { env: 'development', nodeEnv: 'production', build: undefined }
  column: undefined,
> NODE_ENV=production node dist/index.js
> rest-express@1.0.0 start
[DB] Database name: production
[BOOT] { env: 'development', nodeEnv: 'production', build: undefined }
[INFO] [MAIN] Starting Clean & Flip API Server 
    at async file:///home/runner/workspace/dist/index.js:11201:5 {
> NODE_ENV=production node dist/index.js
> rest-express@1.0.0 start
[BOOT] { env: 'development', nodeEnv: 'production', build: undefined }
[ERROR] [MIGRATIONS] Failed to apply migrations: NeonDbError: password authentication failed for user 'neondb_owner'
crash loop detected
forwarding local port 5000 to external port 80 (mapped as 1104)
[DB] Environment: production
[INFO] [MAIN] Starting Clean & Flip API Server 
[DB] ✅ Using PRODUCTION database (muddy-moon)
  routine: undefined,
[DB] Using unified database configuration...
  hint: undefined,
[INFO] [MAIN] Starting Clean & Flip API Server 
  file: undefined,
    at async migrate (file:///home/runner/workspace/node_modules/drizzle-orm/neon-http/migrator.js:14:3)
[DB] Connecting to host: ep-muddy-moon-aeggx6le-pooler.c-2.us-east-2.aws.neon.tech
[DB] Environment detected via NODE_ENV=production → PRODUCTION
[BOOT] { env: 'development', nodeEnv: 'production', build: undefined }
  schema: undefined,
    at async file:///home/runner/workspace/dist/index.js:11201:5 {
  constraint: undefined,
[DB] Database name: neondb
[INFO] [MAIN] Starting Clean & Flip API Server 
  schema: undefined,
2025-08-17T08:40:38Z error: The deployment is crash looping. This can happen if the run command fails or exits immediately after starting. Check the logs for more information.